        SchTree Report
==================================================
 Cell        : 1724
 Library     : 1724
 Report Time : Aug 18 17:47:15 2013
 Report File : /home/acook/cliosoft/1724/analog/libs/amsSchTree.rpt
==================================================
==================================================
  1724 MASTER_BIAS (1)
    au1Comp vdc_short_a (6)
    au1Comp rgp_a (15)
    au1Comp pad_eng_a (13)
    1724 Bandgap1_a (1)
      au1Comp pad_eng_a (4)
      au1IP_sbu au1_BgCore1_a (1)
        au1Cells5 INVX1H (1)
          au1Cells5 pmos5lg (1)
          au1Cells5 vpos_inherit (1)
          au1Cells5 vneg_inherit (1)
          au1Cells5 vsub_inherit (1)
          au1Cells5 nmos5lgi (1)
          amsSheets title_eda (1)
          basic opin (1)
          basic ipin (1)
        au1Comp vdc_short_a (1)
        au1Comp npnlg_a (4)
        au1Comp pmosgd_a (2)
        au1Comp pmoslg_a (6)
        au1Comp nmoslgi_a (19)
        amsSheets title_eda (1)
        basic opin (3)
        basic ipin (3)
        basic iopin (9)
        au1Cells5 vsub_inherit (1)
      au1Comp cgppl_lg_a (1)
      1724 b5sl_BgPmos1 (1)
        au1Comp vdc_short_a (1)
        au1Comp pmoslg_a (16)
        amsSheets title_eda (1)
        basic ipin (4)
        basic iopin (7)
        au1IP_sbu au1_ChopSwP3_a (1)
          au1Comp pmoslg_a (4)
          amsSheets title_eda (1)
          basic iopin (2)
          basic ipin (5)
          au1Cells5 vsub_inherit (1)
      au1IP_sbu au1_BgRes1_a (1)
        au1Comp rgp_a (9)
        amsSheets title_eda (1)
        basic iopin (3)
        basic ipin (1)
        au1Cells5 vsub_inherit (1)
      amsSheets title_eda (1)
      basic iopin (7)
      basic opin (4)
      basic ipin (6)
    1724 VrefGen_HICM (1)
      au1Comp vdc_short_a (1)
      au1Comp rgp_a (20)
      au1Comp pmoslg_a (1)
      1724 OtaPmFold1 (1)
        au1Comp pmoslg_a (1)
        au1Comp nmoslgi_a (1)
        1724 OtaCorePse1_a (1)
          au1Comp pmoslg_a (17)
          au1Comp nmoslgi_a (18)
          amsSheets Bsize_mlib (1)
          basic ipin (7)
          basic opin (2)
          au1Cells5 vsub_inherit (1)
        1724 DffPrPm2_a (1)
          au1Comp pmoslg_a (2)
          amsSheets Asize_mlib_ah (1)
          basic ipin (4)
          basic iopin (3)
          au1Cells5 vsub_inherit (1)
        basic iopin (1)
        basic opin (1)
        basic ipin (7)
        amsSheets Asize_mlib_h (1)
        au1Cells5 vsub_inherit (1)
      au1Comp cgppl_lg_a (1)
      amsSheets Asize_mlib_v (1)
      basic opin (6)
      basic ipin (6)
    au1IP_sbu au1_ImrrLcl1_b (1)
      au1Comp pmoslg_a (10)
      au1Comp nmoslgi_a (5)
      basic iopin (6)
      amsSheets Asize_mlib_h (1)
      basic ipin (4)
      au1Cells5 vsub_inherit (1)
    au1Comp cgppl_lg_a (6)
    au1IP_sbu au1_OtaNm2stg2_b (3)
      au1Comp pmoslg_a (5)
      au1Comp nmoslgi_a (6)
      amsSheets Asize_mlib_h (1)
      basic opin (1)
      basic ipin (7)
      au1Cells5 vsub_inherit (1)
      au1IP_sbu au1_DffPrNm2_a (1)
        au1Comp nmoslgi_a (2)
        amsSheets Asize_mlib_ah (1)
        basic ipin (4)
        basic iopin (3)
        au1Cells5 vsub_inherit (1)
    au1IP_sbu au1_OtaPm2stg1_a (3)
      au1Comp pmoslg_a (5)
      au1Comp nmoslgi_a (9)
      amsSheets Asize_mlib_h (1)
      basic opin (1)
      basic ipin (7)
      au1Cells5 vsub_inherit (1)
      au1IP_sbu au1_DffPrPm1_a (1)
        au1Comp pmoslg_a (2)
        amsSheets Asize_mlib_ah (1)
        basic ipin (3)
        basic iopin (3)
        au1Cells5 vsub_inherit (1)
    basic noConn (7)
    au1Comp mconn_a (1)
    au1IP_sbu au1_IrefGen5u8x_b (1)
      au1Comp rgp_a (5)
      au1Comp rlppw_a (3)
      au1Comp pmoslg_a (9)
      au1Comp cgppl_lg_a (1)
      amsSheets title_eda (1)
      basic iopin (1)
      basic ipin (5)
      au1Cells5 vsub_inherit (1)
      au1IP_sbu au1_IrefVberCore_b (1)
        au1Cells5 INVX1H (1)
          au1Cells5 pmos5lg (1)
          au1Cells5 vpos_inherit (1)
          au1Cells5 vneg_inherit (1)
          au1Cells5 vsub_inherit (1)
          au1Cells5 nmos5lgi (1)
          amsSheets title_eda (1)
          basic opin (1)
          basic ipin (1)
        au1Comp rgp_a (1)
        au1Comp npnlg_a (2)
        au1Comp pmoslg_a (12)
        au1Comp nmoslgi_a (17)
        amsSheets Bsize_mlib (1)
        basic opin (3)
        basic ipin (8)
        au1Cells5 vsub_inherit (1)
    au1Cells5 vsub_inherit (1)
    basic opin (14)
    basic ipin (3)
  1724 MASTER_DIGITAL (1)
    au1Cells5 INVX2H (1)
      au1Cells5 vsub_inherit (1)
      au1Cells5 vpos_inherit (1)
      au1Cells5 vneg_inherit (1)
      au1Cells5 nmos5lgi (1)
      au1Cells5 pmos5lg (1)
      amsSheets title_eda (1)
      basic opin (1)
      basic ipin (1)
    au1Comp pad_eng_a (4)
    1724 MasterClk (1)
      au1Comp vdc_short_a (1)
      au1Comp rgp_a (2)
      au1Comp pad_eng_a (5)
      au1IP_sbu au1_IdacNmos4b1_b (1)
        au1Cells5 INVX1H (3)
          au1Cells5 pmos5lg (1)
          au1Cells5 vpos_inherit (1)
          au1Cells5 vneg_inherit (1)
          au1Cells5 vsub_inherit (1)
          au1Cells5 nmos5lgi (1)
          amsSheets title_eda (1)
          basic opin (1)
          basic ipin (1)
        au1Comp nmoslgi_a (23)
        basic iopin (4)
        amsSheets Bsize_mlib (1)
        basic ipin (6)
        au1Cells5 vsub_inherit (1)
      au1Comp cgppl_lg_a (2)
      basic noConn (1)
      au1Cells5 MUX2X2H (1)
        au1Cells5 vsub_inherit (1)
        au1Cells5 vpos_inherit (1)
        au1Cells5 vneg_inherit (1)
        au1Cells5 nmos5lgi (6)
        au1Cells5 pmos5lg (6)
        basic opin (1)
        amsSheets title_eda (1)
        basic ipin (3)
      au1Cells5 INVX4H (1)
        au1Cells5 vsub_inherit (1)
        au1Cells5 vpos_inherit (1)
        au1Cells5 vneg_inherit (1)
        au1Cells5 nmos5lgi (1)
        au1Cells5 pmos5lg (1)
        amsSheets title_eda (1)
        basic opin (1)
        basic ipin (1)
      1724 RelaxOscCore_a (1)
        au1Comp pmoslg_a (2)
        au1Comp nmoslgi_a (2)
        au1Cells5 INVX2H (2)
          au1Cells5 vsub_inherit (1)
          au1Cells5 vpos_inherit (1)
          au1Cells5 vneg_inherit (1)
          au1Cells5 nmos5lgi (1)
          au1Cells5 pmos5lg (1)
          amsSheets title_eda (1)
          basic opin (1)
          basic ipin (1)
        au1Cells5 NAND2X2H (6)
          au1Cells5 vsub_inherit (1)
          au1Cells5 vpos_inherit (1)
          au1Cells5 vneg_inherit (1)
          au1Cells5 nmos5lgi (2)
          au1Cells5 pmos5lg (2)
          amsSheets title_eda (1)
          basic opin (1)
          basic ipin (2)
        au1Cells5 NAND3X1H (2)
          au1Cells5 vsub_inherit (1)
          au1Cells5 vpos_inherit (1)
          au1Cells5 vneg_inherit (1)
          au1Cells5 nmos5lgi (3)
          au1Cells5 pmos5lg (3)
          amsSheets title_eda (1)
          basic opin (1)
          basic ipin (3)
        US_8ths Bsize (1)
        basic iopin (2)
        basic opin (2)
        basic ipin (5)
        au1Cells5 INVX1H (1)
          au1Cells5 pmos5lg (1)
          au1Cells5 vpos_inherit (1)
          au1Cells5 vneg_inherit (1)
          au1Cells5 vsub_inherit (1)
          au1Cells5 nmos5lgi (1)
          amsSheets title_eda (1)
          basic opin (1)
          basic ipin (1)
      amsSheets Asize_mlib_h (1)
      basic opin (1)
      basic ipin (10)
    au1IP_sbu au1_PorCountClk_b (1)
      au1Cells5 SRLATRDX1H (1)
        au1Cells5 vsub_inherit (1)
        au1Cells5 vpos_inherit (1)
        au1Cells5 vneg_inherit (1)
        au1Cells5 nmos5lgi (7)
        au1Cells5 pmos5lg (7)
        basic opin (2)
        basic ipin (2)
        amsSheets title_eda (1)
      au1Cells5 INVX2H (1)
        au1Cells5 vsub_inherit (1)
        au1Cells5 vpos_inherit (1)
        au1Cells5 vneg_inherit (1)
        au1Cells5 nmos5lgi (1)
        au1Cells5 pmos5lg (1)
        amsSheets title_eda (1)
        basic opin (1)
        basic ipin (1)
      au1Cells5 DFFRX2H (1)
        au1Cells5 vsub_inherit (1)
        au1Cells5 vpos_inherit (1)
        au1Cells5 vneg_inherit (1)
        au1Cells5 nmos5lgi (16)
        au1Cells5 pmos5lg (16)
        amsSheets title_eda (1)
        basic opin (2)
        basic ipin (3)
      au1Cells5 INVX4H (2)
        au1Cells5 vsub_inherit (1)
        au1Cells5 vpos_inherit (1)
        au1Cells5 vneg_inherit (1)
        au1Cells5 nmos5lgi (1)
        au1Cells5 pmos5lg (1)
        amsSheets title_eda (1)
        basic opin (1)
        basic ipin (1)
      amsSheets title_eda (1)
      basic opin (5)
      basic noConn (1)
      basic ipin (4)
      au1Cells5 vsub_inherit (1)
      au1Cells5 INVX1H (2)
        au1Cells5 pmos5lg (1)
        au1Cells5 vpos_inherit (1)
        au1Cells5 vneg_inherit (1)
        au1Cells5 vsub_inherit (1)
        au1Cells5 nmos5lgi (1)
        amsSheets title_eda (1)
        basic opin (1)
        basic ipin (1)
      au1Cells5 DFFSX2H (9)
        au1Cells5 vsub_inherit (1)
        au1Cells5 vpos_inherit (1)
        au1Cells5 vneg_inherit (1)
        au1Cells5 nmos5lgi (17)
        au1Cells5 pmos5lg (17)
        amsSheets title_eda (1)
        basic opin (2)
        basic ipin (3)
    au1Cells5 INVX4H (2)
      au1Cells5 vsub_inherit (1)
      au1Cells5 vpos_inherit (1)
      au1Cells5 vneg_inherit (1)
      au1Cells5 nmos5lgi (1)
      au1Cells5 pmos5lg (1)
      amsSheets title_eda (1)
      basic opin (1)
      basic ipin (1)
    au1Cells5 OR2X2H (1)
      au1Cells5 vsub_inherit (1)
      au1Cells5 vpos_inherit (1)
      au1Cells5 vneg_inherit (1)
      au1Cells5 nmos5lgi (3)
      au1Cells5 pmos5lg (3)
      amsSheets title_eda (1)
      basic opin (1)
      basic ipin (2)
    basic noConn (1)
    au1Cells5 vsub_inherit (1)
    au1IP_sbu au1_LevShiftL2H_a (1)
      au1Comp pmoslg_a (5)
      au1Comp nmoslgi_a (5)
      amsSheets title_eda (1)
      basic opin (2)
      basic ipin (4)
      au1Cells5 vsub_inherit (1)
    basic opin (4)
    basic ipin (9)
    au1Cells5 INVX1H (1)
      au1Cells5 pmos5lg (1)
      au1Cells5 vpos_inherit (1)
      au1Cells5 vneg_inherit (1)
      au1Cells5 vsub_inherit (1)
      au1Cells5 nmos5lgi (1)
      amsSheets title_eda (1)
      basic opin (1)
      basic ipin (1)
    1724 POR_TOP (1)
      au1IP_sbu au1_PorCore2p1_a (1)
        au1Comp rgp_a (19)
        au1Comp npnlg_a (2)
        au1Comp pmoslg_a (8)
        au1Comp nmoslgi_a (4)
        au1Comp cgppl_lg_a (2)
        amsSheets title_eda (1)
        basic opin (1)
        basic ipin (2)
        au1Cells5 vsub_inherit (1)
      au1Cells5 INVX2H (2)
        au1Cells5 vsub_inherit (1)
        au1Cells5 vpos_inherit (1)
        au1Cells5 vneg_inherit (1)
        au1Cells5 nmos5lgi (1)
        au1Cells5 pmos5lg (1)
        amsSheets title_eda (1)
        basic opin (1)
        basic ipin (1)
      basic opin (1)
      au1Comp rgp_a (7)
      au1Comp cgplppwi_a (1)
      au1Comp pmoslg_a (3)
      au1Comp nmoslgi_a (1)
      au1IP_sbu au1_CompN1_a (1)
        au1Comp pmoslg_a (8)
        au1Comp nmoslgi_a (11)
        au1Comp dzapt_a (2)
        amsSheets title_eda (1)
        basic ipin (6)
        basic opin (2)
        au1Cells5 vsub_inherit (1)
      au1Cells5 OR2X2H (1)
        au1Cells5 vsub_inherit (1)
        au1Cells5 vpos_inherit (1)
        au1Cells5 vneg_inherit (1)
        au1Cells5 nmos5lgi (3)
        au1Cells5 pmos5lg (3)
        amsSheets title_eda (1)
        basic opin (1)
        basic ipin (2)
      basic ipin (4)
      au1Cells5 vsub_inherit (1)
      au1Comp pad_eng_a (3)
      au1Cells5 AND2X2H (1)
        au1Cells5 vsub_inherit (1)
        au1Cells5 vpos_inherit (1)
        au1Cells5 vneg_inherit (1)
        au1Cells5 nmos5lgi (3)
        au1Cells5 pmos5lg (3)
        amsSheets title_eda (1)
        basic opin (1)
        basic ipin (2)
  1724 HALLPATH (1)
    1724_NF NOTCH_FILTER_3INT (1)
      au1Comp rgp_a (6)
      au1Cells5 vsub_inherit (1)
      au1Cells5 INVX1H (9)
        au1Cells5 pmos5lg (1)
        au1Cells5 vpos_inherit (1)
        au1Cells5 vneg_inherit (1)
        au1Cells5 vsub_inherit (1)
        au1Cells5 nmos5lgi (1)
        amsSheets title_eda (1)
        basic opin (1)
        basic ipin (1)
      au1Cells5 DLY1X2H (8)
        au1Cells5 vsub_inherit (1)
        au1Cells5 vpos_inherit (1)
        au1Cells5 vneg_inherit (1)
        au1Cells5 nmos5lgi (5)
        au1Cells5 pmos5lg (5)
        amsSheets title_eda (1)
        basic opin (1)
        basic ipin (1)
      1780 TX1 (2)
        au1Comp nmoslgi_a (1)
        au1Comp pmoslg_a (1)
        basic iopin (1)
        basic ipin (6)
      1724 NF_opamp (1)
        au1Comp vdc_short_a (2)
        au1Cells5 INVX1H (3)
          au1Cells5 pmos5lg (1)
          au1Cells5 vpos_inherit (1)
          au1Cells5 vneg_inherit (1)
          au1Cells5 vsub_inherit (1)
          au1Cells5 nmos5lgi (1)
          amsSheets title_eda (1)
          basic opin (1)
          basic ipin (1)
        au1IP_sbu au1_CmfbPsrc1_a (1)
          au1Comp rgp_a (2)
          au1Comp pmoslg_a (2)
          amsSheets title_eda (1)
          basic iopin (3)
          basic ipin (3)
          au1Cells5 vsub_inherit (1)
        au1IP_sbu au1_ChopSw1_b (1)
          au1Cells5 INVX1H (2)
            au1Cells5 pmos5lg (1)
            au1Cells5 vpos_inherit (1)
            au1Cells5 vneg_inherit (1)
            au1Cells5 vsub_inherit (1)
            au1Cells5 nmos5lgi (1)
            amsSheets title_eda (1)
            basic opin (1)
            basic ipin (1)
          amsSheets title_eda (1)
          basic iopin (2)
          basic ipin (6)
          au1Cells5 vsub_inherit (1)
          au1IP_sbu au1_Sw1_a (4)
            au1Comp nmoslgi_a (1)
            au1Comp pmoslg_a (1)
            amsSheets title_eda (1)
            basic iopin (1)
            basic ipin (5)
            au1Cells5 vsub_inherit (1)
        1724 NF_opamp_chopaCr1 (1)
          au1Comp pad_eng_a (1)
          au1Comp pmoslg_a (29)
          au1Comp nmoslgi_a (34)
          amsSheets title_eda (1)
          au1Cells5 INVX1H (3)
            au1Cells5 pmos5lg (1)
            au1Cells5 vpos_inherit (1)
            au1Cells5 vneg_inherit (1)
            au1Cells5 vsub_inherit (1)
            au1Cells5 nmos5lgi (1)
            amsSheets title_eda (1)
            basic opin (1)
            basic ipin (1)
          au1IP_sbu au1_ChopSwP2_a (1)
            au1Comp pmoslg_a (4)
            amsSheets title_eda (1)
            basic iopin (2)
            basic ipin (5)
            au1Cells5 vsub_inherit (1)
          basic iopin (13)
          basic ipin (7)
          basic opin (2)
          au1IP_sbu au1_ChopSwN1_a (1)
            au1Comp nmoslgi_a (4)
            amsSheets title_eda (1)
            basic iopin (2)
            basic ipin (6)
            au1Cells5 vsub_inherit (1)
        basic noConn (2)
        au1Comp nmoslgi_a (2)
        amsSheets title_eda (1)
        basic opin (2)
        basic ipin (13)
        au1Cells5 vsub_inherit (1)
      au1Comp cgppl_lg_a (10)
      1724 NF_swcap_bank_2x (6)
        au1Cells5 vsub_inherit (1)
        1724 NF_swcap_sw (1)
          amsSheets title_eda (1)
          basic opin (2)
          basic ipin (14)
          au1Cells5 vsub_inherit (1)
          1724 NF_swcap_tgate (4)
            au1Comp nmoslgi_a (2)
            au1Comp pmoslg_a (2)
            basic ipin (4)
            basic iopin (2)
            au1Cells5 vsub_inherit (1)
        amsSheets title_eda (1)
        basic opin (2)
        basic ipin (14)
      au1Comp vdc_short_a (2)
      amsSheets title_eda (1)
      basic opin (2)
      basic ipin (12)
    1724_NF CLK_NONOVLP_3INT (1)
      au1Cells5 BUFX1H (5)
        au1Cells5 vpos_inherit (1)
        au1Cells5 nmos5lgi (2)
        au1Cells5 pmos5lg (2)
        au1Cells5 vsub_inherit (1)
        au1Cells5 vneg_inherit (1)
        amsSheets title_eda (1)
        basic opin (1)
        basic ipin (1)
      au1Cells5 DFFRX2H (17)
        au1Cells5 vsub_inherit (1)
        au1Cells5 vpos_inherit (1)
        au1Cells5 vneg_inherit (1)
        au1Cells5 nmos5lgi (16)
        au1Cells5 pmos5lg (16)
        amsSheets title_eda (1)
        basic opin (2)
        basic ipin (3)
      au1Cells5 AND2IAX2H (3)
        au1Cells5 vneg_inherit (1)
        au1Cells5 nmos5lgi (4)
        au1Cells5 pmos5lg (4)
        au1Cells5 vsub_inherit (1)
        au1Cells5 vpos_inherit (1)
        amsSheets title_eda (1)
        basic opin (1)
        basic ipin (2)
      au1Cells5 OAI21X1H (4)
        au1Cells5 vsub_inherit (1)
        au1Cells5 vpos_inherit (1)
        au1Cells5 vneg_inherit (1)
        au1Cells5 nmos5lgi (3)
        au1Cells5 pmos5lg (3)
        amsSheets title_eda (1)
        basic opin (1)
        basic ipin (3)
      au1Cells5 NAND3IAX1H (2)
        au1Cells5 vsub_inherit (1)
        au1Cells5 vpos_inherit (1)
        au1Cells5 vneg_inherit (1)
        au1Cells5 nmos5lgi (4)
        au1Cells5 pmos5lg (4)
        amsSheets title_eda (1)
        basic opin (1)
        basic ipin (3)
      au1Cells5 NAND2IAX1H (6)
        au1Cells5 vsub_inherit (1)
        au1Cells5 vpos_inherit (1)
        au1Cells5 vneg_inherit (1)
        au1Cells5 nmos5lgi (3)
        au1Cells5 pmos5lg (3)
        amsSheets title_eda (1)
        basic opin (1)
        basic ipin (2)
      au1Cells5 INVX1H (5)
        au1Cells5 pmos5lg (1)
        au1Cells5 vpos_inherit (1)
        au1Cells5 vneg_inherit (1)
        au1Cells5 vsub_inherit (1)
        au1Cells5 nmos5lgi (1)
        amsSheets title_eda (1)
        basic opin (1)
        basic ipin (1)
      au1Cells5 OR2X2H (1)
        au1Cells5 vsub_inherit (1)
        au1Cells5 vpos_inherit (1)
        au1Cells5 vneg_inherit (1)
        au1Cells5 nmos5lgi (3)
        au1Cells5 pmos5lg (3)
        amsSheets title_eda (1)
        basic opin (1)
        basic ipin (2)
      au1Cells5 NOR3IAX1H (1)
        au1Cells5 vsub_inherit (1)
        au1Cells5 vpos_inherit (1)
        au1Cells5 vneg_inherit (1)
        au1Cells5 nmos5lgi (4)
        au1Cells5 pmos5lg (4)
        amsSheets title_eda (1)
        basic opin (1)
        basic ipin (3)
      au1Cells5 AND3IAX2H (1)
        au1Cells5 vsub_inherit (1)
        au1Cells5 vpos_inherit (1)
        au1Cells5 vneg_inherit (1)
        au1Cells5 nmos5lgi (5)
        au1Cells5 pmos5lg (5)
        amsSheets title_eda (1)
        basic opin (1)
        basic ipin (3)
      au1Cells5 NOR2X1H (5)
        au1Cells5 pmos5lg (2)
        au1Cells5 vpos_inherit (1)
        au1Cells5 vneg_inherit (1)
        au1Cells5 vsub_inherit (1)
        au1Cells5 nmos5lgi (2)
        amsSheets title_eda (1)
        basic opin (1)
        basic ipin (2)
      au1Cells5 AND2X2H (6)
        au1Cells5 vsub_inherit (1)
        au1Cells5 vpos_inherit (1)
        au1Cells5 vneg_inherit (1)
        au1Cells5 nmos5lgi (3)
        au1Cells5 pmos5lg (3)
        amsSheets title_eda (1)
        basic opin (1)
        basic ipin (2)
      au1Cells5 XOR2X2H (2)
        au1Cells5 vsub_inherit (1)
        au1Cells5 vpos_inherit (1)
        au1Cells5 vneg_inherit (1)
        au1Cells5 nmos5lgi (5)
        au1Cells5 pmos5lg (7)
        amsSheets title_eda (1)
        basic ipin (2)
        basic opin (1)
      au1Cells5 HADDX1H (4)
        au1Cells5 vsub_inherit (1)
        au1Cells5 vpos_inherit (1)
        au1Cells5 vneg_inherit (1)
        au1Cells5 nmos5lgi (9)
        au1Cells5 pmos5lg (9)
        amsSheets title_eda (1)
        basic opin (2)
        basic ipin (2)
      au1Cells5 MUX2X2H (1)
        au1Cells5 vsub_inherit (1)
        au1Cells5 vpos_inherit (1)
        au1Cells5 vneg_inherit (1)
        au1Cells5 nmos5lgi (6)
        au1Cells5 pmos5lg (6)
        basic opin (1)
        amsSheets title_eda (1)
        basic ipin (3)
      au1Cells5 DFFSX2H (1)
        au1Cells5 vsub_inherit (1)
        au1Cells5 vpos_inherit (1)
        au1Cells5 vneg_inherit (1)
        au1Cells5 nmos5lgi (17)
        au1Cells5 pmos5lg (17)
        amsSheets title_eda (1)
        basic opin (2)
        basic ipin (3)
      au1Cells5 NAND2X1H (2)
        au1Cells5 pmos5lg (2)
        au1Cells5 vpos_inherit (1)
        au1Cells5 vneg_inherit (1)
        au1Cells5 vsub_inherit (1)
        au1Cells5 nmos5lgi (2)
        amsSheets title_eda (1)
        basic opin (1)
        basic ipin (2)
      au1Cells5 AO22X2H (1)
        au1Cells5 vsub_inherit (1)
        au1Cells5 vpos_inherit (1)
        au1Cells5 vneg_inherit (1)
        au1Cells5 nmos5lgi (5)
        au1Cells5 pmos5lg (5)
        amsSheets title_eda (1)
        basic opin (1)
        basic ipin (4)
      au1Cells5 NOR3X1H (2)
        au1Cells5 vsub_inherit (1)
        au1Cells5 vpos_inherit (1)
        au1Cells5 vneg_inherit (1)
        au1Cells5 nmos5lgi (3)
        au1Cells5 pmos5lg (3)
        amsSheets title_eda (1)
        basic opin (1)
        basic ipin (3)
      au1Cells5 SICGX2H (2)
        au1Cells5 vsub_inherit (1)
        au1Cells5 vneg_inherit (4)
        au1Cells5 vpos_inherit (4)
        au1Cells5 nmos5lgi (13)
        au1Cells5 pmos5lg (13)
        basic opin (1)
        amsSheets title_eda (1)
        basic ipin (3)
      basic ipin (8)
      basic opin (9)
      au1Cells5 vsub_inherit (1)
      au1Cells5 vneg_inherit (1)
      au1Cells5 vpos_inherit (1)
    basic ipin (53)
    basic opin (6)
    au1IP_sbu au1_ImrrLcl1_b (1)
      au1Comp pmoslg_a (10)
      au1Comp nmoslgi_a (5)
      basic iopin (6)
      amsSheets Asize_mlib_h (1)
      basic ipin (4)
      au1Cells5 vsub_inherit (1)
    au1Cells5 vsub_inherit (1)
    1724 FRONT_END (1)
      1724 FE_HALL_DRIVE (2)
        basic ipin (27)
        basic opin (5)
        basic iopin (6)
        au1Comp pad_eng_a (4)
        au1Comp nmoslgi_a (2)
        au1Comp vdc_short_a (2)
        au1Comp rppgp_a (2)
        1724 HD_HALL_SW (1)
          basic opin (5)
          au1Comp cgppl_lg_a (2)
          au1Comp nmoslgi_a (5)
          basic iopin (4)
          au1IP_sbu au1_HallSigSw4x1_b (1)
            au1Comp nmoslgi_a (8)
            amsSheets Asize_mlib_v (1)
            basic opin (2)
            basic ipin (7)
            au1Cells5 vsub_inherit (1)
          au1IP_sbu au1_HallDriveSw4x1_c (1)
            au1Cells5 INVX1H (16)
              au1Cells5 pmos5lg (1)
              au1Cells5 vpos_inherit (1)
              au1Cells5 vneg_inherit (1)
              au1Cells5 vsub_inherit (1)
              au1Cells5 nmos5lgi (1)
              amsSheets title_eda (1)
              basic opin (1)
              basic ipin (1)
            au1Comp pmoslg_a (5)
            au1Comp nmoslgi_a (5)
            amsSheets Asize_mlib_h (1)
            basic opin (1)
            basic iopin (4)
            basic ipin (4)
            au1Cells5 vsub_inherit (1)
          basic ipin (8)
          au1Cells5 INVX1H (1)
            au1Cells5 pmos5lg (1)
            au1Cells5 vpos_inherit (1)
            au1Cells5 vneg_inherit (1)
            au1Cells5 vsub_inherit (1)
            au1Cells5 nmos5lgi (1)
            amsSheets title_eda (1)
            basic opin (1)
            basic ipin (1)
          au1Cells5 INVX4H (1)
            au1Cells5 vsub_inherit (1)
            au1Cells5 vpos_inherit (1)
            au1Cells5 vneg_inherit (1)
            au1Cells5 nmos5lgi (1)
            au1Cells5 pmos5lg (1)
            amsSheets title_eda (1)
            basic opin (1)
            basic ipin (1)
          au1Comp pad_eng_a (1)
          au1Comp vdc_short_a (1)
          au1Cells5 OR2X2H (2)
            au1Cells5 vsub_inherit (1)
            au1Cells5 vpos_inherit (1)
            au1Cells5 vneg_inherit (1)
            au1Cells5 nmos5lgi (3)
            au1Cells5 pmos5lg (3)
            amsSheets title_eda (1)
            basic opin (1)
            basic ipin (2)
          au1IP_sbu au1_SwDecup1_a (1)
            au1Comp nmoslgi_a (3)
            au1Comp pmoslg_a (2)
            amsSheets title_eda (1)
            basic iopin (1)
            basic ipin (5)
            au1Cells5 vsub_inherit (1)
          au1Cells5 INVX2H (1)
            au1Cells5 vsub_inherit (1)
            au1Cells5 vpos_inherit (1)
            au1Cells5 vneg_inherit (1)
            au1Cells5 nmos5lgi (1)
            au1Cells5 pmos5lg (1)
            amsSheets title_eda (1)
            basic opin (1)
            basic ipin (1)
        au1Cells5 vsub_inherit (1)
        1724 FE_gm_vga_gc (1)
          au1Comp vdc_short_a (2)
          au1Comp rppgp_a (5)
          au1Comp pnplg_a (4)
          au1Comp npnlg_a (4)
          au1Comp pmoslg_a (19)
          au1Comp nmoslgi_a (20)
          au1Cells5 vsub_inherit (1)
          basic opin (3)
          basic ipin (12)
          amsSheets Bsize_mlib (1)
          au1Comp cgppl_lg_a (4)
          basic noConn (1)
        1724 FG_top (1)
          au1Cells5 vsub_inherit (1)
          amsSheets title_eda (1)
          basic opin (2)
          basic iopin (2)
          basic ipin (12)
          1724 FG_analog (1)
            au1Cells5 vsub_inherit (1)
            amsSheets title_eda (1)
            au1IP_sbu au1_HallSigSw4x1_b (1)
              au1Comp nmoslgi_a (8)
              amsSheets Asize_mlib_v (1)
              basic opin (2)
              basic ipin (7)
              au1Cells5 vsub_inherit (1)
            au1Comp pad_eng_a (7)
            au1Comp pmoslg_a (1)
            au1Comp rppgp_a (5)
            au1Comp rgp_a (2)
            basic opin (3)
            basic ipin (8)
            1724 FG_iref (1)
              amsSheets title_eda (1)
              basic iopin (2)
              au1Cells5 vsub_inherit (1)
              au1Comp pmoslg_a (9)
              au1Cells5 INVX1H (2)
                au1Cells5 pmos5lg (1)
                au1Cells5 vpos_inherit (1)
                au1Cells5 vneg_inherit (1)
                au1Cells5 vsub_inherit (1)
                au1Cells5 nmos5lgi (1)
                amsSheets title_eda (1)
                basic opin (1)
                basic ipin (1)
              basic ipin (7)
              au1Comp nmoslgi_a (13)
          1724 FG_logic (1)
            au1Cells5 AND2X2H (5)
              au1Cells5 vsub_inherit (1)
              au1Cells5 vpos_inherit (1)
              au1Cells5 vneg_inherit (1)
              au1Cells5 nmos5lgi (3)
              au1Cells5 pmos5lg (3)
              amsSheets title_eda (1)
              basic opin (1)
              basic ipin (2)
            au1Cells5 INVX1H (1)
              au1Cells5 pmos5lg (1)
              au1Cells5 vpos_inherit (1)
              au1Cells5 vneg_inherit (1)
              au1Cells5 vsub_inherit (1)
              au1Cells5 nmos5lgi (1)
              amsSheets title_eda (1)
              basic opin (1)
              basic ipin (1)
            au1Cells5 XNOR2X2H (1)
              au1Cells5 vsub_inherit (1)
              au1Cells5 vpos_inherit (1)
              au1Cells5 vneg_inherit (1)
              au1Cells5 nmos5lgi (7)
              au1Cells5 pmos5lg (5)
              amsSheets title_eda (1)
              basic ipin (2)
              basic opin (1)
            au1Cells5 NAND2X1H (3)
              au1Cells5 pmos5lg (2)
              au1Cells5 vpos_inherit (1)
              au1Cells5 vneg_inherit (1)
              au1Cells5 vsub_inherit (1)
              au1Cells5 nmos5lgi (2)
              amsSheets title_eda (1)
              basic opin (1)
              basic ipin (2)
            au1Cells5 NAND3IAX1H (2)
              au1Cells5 vsub_inherit (1)
              au1Cells5 vpos_inherit (1)
              au1Cells5 vneg_inherit (1)
              au1Cells5 nmos5lgi (4)
              au1Cells5 pmos5lg (4)
              amsSheets title_eda (1)
              basic opin (1)
              basic ipin (3)
            au1Cells5 NAND3X1H (1)
              au1Cells5 vsub_inherit (1)
              au1Cells5 vpos_inherit (1)
              au1Cells5 vneg_inherit (1)
              au1Cells5 nmos5lgi (3)
              au1Cells5 pmos5lg (3)
              amsSheets title_eda (1)
              basic opin (1)
              basic ipin (3)
            au1Cells5 NAND2IAX1H (1)
              au1Cells5 vsub_inherit (1)
              au1Cells5 vpos_inherit (1)
              au1Cells5 vneg_inherit (1)
              au1Cells5 nmos5lgi (3)
              au1Cells5 pmos5lg (3)
              amsSheets title_eda (1)
              basic opin (1)
              basic ipin (2)
            au1Cells5 OAI21X1H (2)
              au1Cells5 vsub_inherit (1)
              au1Cells5 vpos_inherit (1)
              au1Cells5 vneg_inherit (1)
              au1Cells5 nmos5lgi (3)
              au1Cells5 pmos5lg (3)
              amsSheets title_eda (1)
              basic opin (1)
              basic ipin (3)
            au1Cells5 AND2IAX2H (1)
              au1Cells5 vneg_inherit (1)
              au1Cells5 nmos5lgi (4)
              au1Cells5 pmos5lg (4)
              au1Cells5 vsub_inherit (1)
              au1Cells5 vpos_inherit (1)
              amsSheets title_eda (1)
              basic opin (1)
              basic ipin (2)
            basic ipin (7)
            basic opin (4)
            au1Cells5 vpos_inherit (1)
            au1Cells5 vneg_inherit (1)
            au1Cells5 vsub_inherit (1)
        au1Cells5 OR2X2H (1)
          au1Cells5 vsub_inherit (1)
          au1Cells5 vpos_inherit (1)
          au1Cells5 vneg_inherit (1)
          au1Cells5 nmos5lgi (3)
          au1Cells5 pmos5lg (3)
          amsSheets title_eda (1)
          basic opin (1)
          basic ipin (2)
        1724 FE_hp2_sw (1)
          au1IP_sbu au1_Sw2_a (4)
            au1Comp nmoslgi_a (1)
            au1Comp pmoslg_a (1)
            amsSheets title_eda (1)
            basic iopin (2)
            basic ipin (4)
            au1Cells5 vsub_inherit (1)
          au1Cells5 OR2X2H (1)
            au1Cells5 vsub_inherit (1)
            au1Cells5 vpos_inherit (1)
            au1Cells5 vneg_inherit (1)
            au1Cells5 nmos5lgi (3)
            au1Cells5 pmos5lg (3)
            amsSheets title_eda (1)
            basic opin (1)
            basic ipin (2)
          au1Cells5 INVX1H (3)
            au1Cells5 pmos5lg (1)
            au1Cells5 vpos_inherit (1)
            au1Cells5 vneg_inherit (1)
            au1Cells5 vsub_inherit (1)
            au1Cells5 nmos5lgi (1)
            amsSheets title_eda (1)
            basic opin (1)
            basic ipin (1)
          basic opin (2)
          basic ipin (7)
          au1Cells5 TGATEX2H (2)
            au1Cells5 pmos5lg (1)
            au1Cells5 vneg_inherit (1)
            au1Cells5 vpos_inherit (1)
            au1Cells5 vsub_inherit (1)
            au1Cells5 nmos5lgi (1)
            amsSheets title_eda (1)
            basic iopin (2)
            basic ipin (2)
      basic ipin (31)
      1724 FE_sense_range_sel (1)
        au1Comp rppgp_a (21)
        amsSheets title_eda (1)
        basic ipin (2)
        basic opin (2)
        au1Cells5 vsub_inherit (1)
      au1Comp pad_eng_a (11)
      au1Comp rppgp_a (11)
      basic iopin (4)
      1724 SW_ChopEq1Pn4x (1)
        au1Cells5 vsub_inherit (1)
        1724 SW_SwEql4x (4)
          au1Comp nmoslgi_a (1)
          au1Comp pmoslg_a (1)
          basic iopin (1)
          basic ipin (6)
          au1Cells5 vsub_inherit (1)
        amsSheets title_eda (1)
        basic iopin (2)
        basic ipin (7)
        au1Cells5 INVX2H (4)
          au1Cells5 vsub_inherit (1)
          au1Cells5 vpos_inherit (1)
          au1Cells5 vneg_inherit (1)
          au1Cells5 nmos5lgi (1)
          au1Cells5 pmos5lg (1)
          amsSheets title_eda (1)
          basic opin (1)
          basic ipin (1)
      au1Comp vdc_short_a (4)
      1724 FE_OpampAbDemod (1)
        au1Comp vdc_short_a (1)
        au1IP_sbu au1_DffPrPm3_a (1)
          au1Comp pmoslg_a (2)
          amsSheets Asize_mlib_ah (1)
          basic ipin (3)
          basic iopin (3)
          au1Cells5 vsub_inherit (1)
        au1IP_sbu au1_CmfbPsrc1_a (1)
          au1Comp rgp_a (2)
          au1Comp pmoslg_a (2)
          amsSheets title_eda (1)
          basic iopin (3)
          basic ipin (3)
          au1Cells5 vsub_inherit (1)
        1724 FE_OpampAbCr (1)
          au1Cells5 vsub_inherit (1)
          au1Comp pmoslg_a (28)
          au1Comp nmoslgi_a (32)
          au1IP_sbu au1_ChopSwN1_a (1)
            au1Comp nmoslgi_a (4)
            amsSheets title_eda (1)
            basic iopin (2)
            basic ipin (6)
            au1Cells5 vsub_inherit (1)
          au1IP_sbu au1_ChopSwP1_a (1)
            au1Comp pmoslg_a (4)
            amsSheets title_eda (1)
            basic iopin (2)
            basic ipin (5)
            au1Cells5 vsub_inherit (1)
          amsSheets title_eda (1)
          basic iopin (17)
          basic opin (2)
          basic ipin (7)
          au1Cells5 INVX1H (3)
            au1Cells5 pmos5lg (1)
            au1Cells5 vpos_inherit (1)
            au1Cells5 vneg_inherit (1)
            au1Cells5 vsub_inherit (1)
            au1Cells5 nmos5lgi (1)
            amsSheets title_eda (1)
            basic opin (1)
            basic ipin (1)
        au1Cells5 INVX1H (3)
          au1Cells5 pmos5lg (1)
          au1Cells5 vpos_inherit (1)
          au1Cells5 vneg_inherit (1)
          au1Cells5 vsub_inherit (1)
          au1Cells5 nmos5lgi (1)
          amsSheets title_eda (1)
          basic opin (1)
          basic ipin (1)
        amsSheets title_eda (1)
        basic noConn (2)
        basic ipin (14)
        basic opin (2)
        au1Cells5 vsub_inherit (1)
      basic opin (5)
      1724 FE_Opamp_miller (1)
        1724 FE_Opamp_miller_caps (4)
          amsSheets title_eda (1)
          basic iopin (2)
          basic ipin (8)
          au1Cells5 TGATEX2H (3)
            au1Cells5 pmos5lg (1)
            au1Cells5 vneg_inherit (1)
            au1Cells5 vpos_inherit (1)
            au1Cells5 vsub_inherit (1)
            au1Cells5 nmos5lgi (1)
            amsSheets title_eda (1)
            basic iopin (2)
            basic ipin (2)
          au1Comp rgp_a (5)
          au1Cells5 vsub_inherit (1)
          au1Comp cgppl_lg_a (4)
        au1Cells5 NAND2X2H (1)
          au1Cells5 vsub_inherit (1)
          au1Cells5 vpos_inherit (1)
          au1Cells5 vneg_inherit (1)
          au1Cells5 nmos5lgi (2)
          au1Cells5 pmos5lg (2)
          amsSheets title_eda (1)
          basic opin (1)
          basic ipin (2)
        au1Cells5 vsub_inherit (1)
        basic iopin (6)
        au1Cells5 NOR2X2H (1)
          au1Cells5 vsub_inherit (1)
          au1Cells5 vpos_inherit (1)
          au1Cells5 vneg_inherit (1)
          au1Cells5 nmos5lgi (2)
          au1Cells5 pmos5lg (2)
          amsSheets title_eda (1)
          basic opin (1)
          basic ipin (2)
        basic ipin (3)
        au1Cells5 INVX1H (3)
          au1Cells5 pmos5lg (1)
          au1Cells5 vpos_inherit (1)
          au1Cells5 vneg_inherit (1)
          au1Cells5 vsub_inherit (1)
          au1Cells5 nmos5lgi (1)
          amsSheets title_eda (1)
          basic opin (1)
          basic ipin (1)
      basic noConn (3)
      au1Comp nmoslgi_a (6)
      au1Comp cgppl_lg_a (2)
      1724 FE_vcm_ref (1)
        au1Comp cgppl_lg_a (1)
        au1Comp rgp_a (7)
        basic opin (2)
        au1IP_sbu au1_OtaNm2stg2_b (1)
          au1Comp pmoslg_a (5)
          au1Comp nmoslgi_a (6)
          amsSheets Asize_mlib_h (1)
          basic opin (1)
          basic ipin (7)
          au1Cells5 vsub_inherit (1)
          au1IP_sbu au1_DffPrNm2_a (1)
            au1Comp nmoslgi_a (2)
            amsSheets Asize_mlib_ah (1)
            basic ipin (4)
            basic iopin (3)
            au1Cells5 vsub_inherit (1)
        au1Comp pad_eng_a (1)
        basic ipin (4)
        au1Comp vdc_short_a (1)
        au1Cells5 vsub_inherit (1)
        au1Comp cgplppwi_a (1)
      1724 HD_BIAS (1)
        amsSheets Dsize_mlib (1)
        au1Cells5 OR2X2H (2)
          au1Cells5 vsub_inherit (1)
          au1Cells5 vpos_inherit (1)
          au1Cells5 vneg_inherit (1)
          au1Cells5 nmos5lgi (3)
          au1Cells5 pmos5lg (3)
          amsSheets title_eda (1)
          basic opin (1)
          basic ipin (2)
        au1Comp rppgp_a (3)
        au1Comp cgppl_lg_a (6)
        au1Comp pmoslg_a (30)
        au1Comp nmoslgi_a (29)
        au1Comp vdc_short_a (6)
        au1Comp rlppw_a (5)
        1724 HD_OtaNmMrr_tiny (2)
          au1Cells5 vsub_inherit (1)
          au1Comp pad_eng_a (6)
          au1Comp pmoslg_a (6)
          au1Comp nmoslgi_a (10)
          amsSheets Asize_mlib_h (1)
          basic opin (1)
          basic ipin (6)
          au1Comp rgp_a (3)
          basic iopin (3)
        au1Comp rgp_a (10)
        au1Cells5 INVX1H (6)
          au1Cells5 pmos5lg (1)
          au1Cells5 vpos_inherit (1)
          au1Cells5 vneg_inherit (1)
          au1Cells5 vsub_inherit (1)
          au1Cells5 nmos5lgi (1)
          amsSheets title_eda (1)
          basic opin (1)
          basic ipin (1)
        au1IP_sbu au1_Sw1_a (1)
          au1Comp nmoslgi_a (1)
          au1Comp pmoslg_a (1)
          amsSheets title_eda (1)
          basic iopin (1)
          basic ipin (5)
          au1Cells5 vsub_inherit (1)
        basic opin (6)
        basic ipin (12)
        1724 HD_itrim_logic (1)
          au1Cells5 INVX1H (9)
            au1Cells5 pmos5lg (1)
            au1Cells5 vpos_inherit (1)
            au1Cells5 vneg_inherit (1)
            au1Cells5 vsub_inherit (1)
            au1Cells5 nmos5lgi (1)
            amsSheets title_eda (1)
            basic opin (1)
            basic ipin (1)
          au1Cells5 OAI21X1H (4)
            au1Cells5 vsub_inherit (1)
            au1Cells5 vpos_inherit (1)
            au1Cells5 vneg_inherit (1)
            au1Cells5 nmos5lgi (3)
            au1Cells5 pmos5lg (3)
            amsSheets title_eda (1)
            basic opin (1)
            basic ipin (3)
          au1Cells5 NAND2IAX1H (4)
            au1Cells5 vsub_inherit (1)
            au1Cells5 vpos_inherit (1)
            au1Cells5 vneg_inherit (1)
            au1Cells5 nmos5lgi (3)
            au1Cells5 pmos5lg (3)
            amsSheets title_eda (1)
            basic opin (1)
            basic ipin (2)
          au1Cells5 NAND2X1H (1)
            au1Cells5 pmos5lg (2)
            au1Cells5 vpos_inherit (1)
            au1Cells5 vneg_inherit (1)
            au1Cells5 vsub_inherit (1)
            au1Cells5 nmos5lgi (2)
            amsSheets title_eda (1)
            basic opin (1)
            basic ipin (2)
          au1Cells5 OR2X2H (1)
            au1Cells5 vsub_inherit (1)
            au1Cells5 vpos_inherit (1)
            au1Cells5 vneg_inherit (1)
            au1Cells5 nmos5lgi (3)
            au1Cells5 pmos5lg (3)
            amsSheets title_eda (1)
            basic opin (1)
            basic ipin (2)
          au1Cells5 NOR2X1H (1)
            au1Cells5 pmos5lg (2)
            au1Cells5 vpos_inherit (1)
            au1Cells5 vneg_inherit (1)
            au1Cells5 vsub_inherit (1)
            au1Cells5 nmos5lgi (2)
            amsSheets title_eda (1)
            basic opin (1)
            basic ipin (2)
          au1Cells5 AOI21X1H (1)
            au1Cells5 vsub_inherit (1)
            au1Cells5 vpos_inherit (1)
            au1Cells5 vneg_inherit (1)
            au1Cells5 nmos5lgi (3)
            au1Cells5 pmos5lg (3)
            amsSheets title_eda (1)
            basic ipin (3)
            basic opin (1)
          basic ipin (1)
          basic opin (5)
          au1Cells5 vsub_inherit (1)
          au1Cells5 vneg_inherit (1)
          au1Cells5 vpos_inherit (1)
        basic noConn (4)
        au1Cells5 vsub_inherit (1)
        au1Comp cgplppwi_a (4)
        au1IP_sbu au1_SwDecup1_a (1)
          au1Comp nmoslgi_a (3)
          au1Comp pmoslg_a (2)
          amsSheets title_eda (1)
          basic iopin (1)
          basic ipin (5)
          au1Cells5 vsub_inherit (1)
        1724 HD_OtaPmMrr (1)
          au1Cells5 vsub_inherit (1)
          au1Comp pad_eng_a (5)
          au1Comp pmoslg_a (6)
          au1Comp nmoslgi_a (10)
          amsSheets Asize_mlib_h (1)
          basic opin (1)
          basic ipin (6)
          au1IP_sbu au1_DffPrPm2_a (1)
            au1Comp pmoslg_a (2)
            amsSheets Asize_mlib_ah (1)
            basic ipin (3)
            basic iopin (3)
            au1Cells5 vsub_inherit (1)
        au1IP_sbu au1_Amux2x1_a (5)
          au1Cells5 vsub_inherit (1)
          basic iopin (1)
          amsSheets title_eda (1)
          basic ipin (5)
          au1Cells5 INVX1H (1)
            au1Cells5 pmos5lg (1)
            au1Cells5 vpos_inherit (1)
            au1Cells5 vneg_inherit (1)
            au1Cells5 vsub_inherit (1)
            au1Cells5 nmos5lgi (1)
            amsSheets title_eda (1)
            basic opin (1)
            basic ipin (1)
          au1IP_sbu au1_Sw1_a (2)
            au1Comp nmoslgi_a (1)
            au1Comp pmoslg_a (1)
            amsSheets title_eda (1)
            basic iopin (1)
            basic ipin (5)
            au1Cells5 vsub_inherit (1)
        au1Cells5 NOR2X1H (3)
          au1Cells5 pmos5lg (2)
          au1Cells5 vpos_inherit (1)
          au1Cells5 vneg_inherit (1)
          au1Cells5 vsub_inherit (1)
          au1Cells5 nmos5lgi (2)
          amsSheets title_eda (1)
          basic opin (1)
          basic ipin (2)
      1724 FE_logic (1)
        basic ipin (8)
        au1Cells5 INVX1H (1)
          au1Cells5 pmos5lg (1)
          au1Cells5 vpos_inherit (1)
          au1Cells5 vneg_inherit (1)
          au1Cells5 vsub_inherit (1)
          au1Cells5 nmos5lgi (1)
          amsSheets title_eda (1)
          basic opin (1)
          basic ipin (1)
        au1Comp pad_eng_a (2)
        au1Cells5 OR2X2H (2)
          au1Cells5 vsub_inherit (1)
          au1Cells5 vpos_inherit (1)
          au1Cells5 vneg_inherit (1)
          au1Cells5 nmos5lgi (3)
          au1Cells5 pmos5lg (3)
          amsSheets title_eda (1)
          basic opin (1)
          basic ipin (2)
        au1Cells5 INVX2H (5)
          au1Cells5 vsub_inherit (1)
          au1Cells5 vpos_inherit (1)
          au1Cells5 vneg_inherit (1)
          au1Cells5 nmos5lgi (1)
          au1Cells5 pmos5lg (1)
          amsSheets title_eda (1)
          basic opin (1)
          basic ipin (1)
        au1Cells5 AND2X2H (3)
          au1Cells5 vsub_inherit (1)
          au1Cells5 vpos_inherit (1)
          au1Cells5 vneg_inherit (1)
          au1Cells5 nmos5lgi (3)
          au1Cells5 pmos5lg (3)
          amsSheets title_eda (1)
          basic opin (1)
          basic ipin (2)
        au1Cells5 vsub_inherit (1)
        basic noConn (1)
        basic opin (5)
        au1IP_sbu au1_decoder2X4_a (1)
          au1Cells5 NOR2X1H (4)
            au1Cells5 pmos5lg (2)
            au1Cells5 vpos_inherit (1)
            au1Cells5 vneg_inherit (1)
            au1Cells5 vsub_inherit (1)
            au1Cells5 nmos5lgi (2)
            amsSheets title_eda (1)
            basic opin (1)
            basic ipin (2)
          basic ipin (3)
          basic opin (2)
          au1Cells5 vsub_inherit (1)
          au1Cells5 INVX1H (2)
            au1Cells5 pmos5lg (1)
            au1Cells5 vpos_inherit (1)
            au1Cells5 vneg_inherit (1)
            au1Cells5 vsub_inherit (1)
            au1Cells5 nmos5lgi (1)
            amsSheets title_eda (1)
            basic opin (1)
            basic ipin (1)
        au1Cells5 MUX2X2H (2)
          au1Cells5 vsub_inherit (1)
          au1Cells5 vpos_inherit (1)
          au1Cells5 vneg_inherit (1)
          au1Cells5 nmos5lgi (6)
          au1Cells5 pmos5lg (6)
          basic opin (1)
          amsSheets title_eda (1)
          basic ipin (3)
      au1Cells5 vsub_inherit (1)
      1724 FE_SENSETRIM (1)
        au1Comp vdc_short_a (2)
        au1Comp rppgp_a (2)
        au1Comp pmoslg_a (23)
        au1Comp nmoslgi_a (20)
        1724 DacR2r9b1 (1)
          au1Comp rgp_a (30)
          au1Cells5 vsub_inherit (1)
          au1Cells5 INVX1H (2)
            au1Cells5 pmos5lg (1)
            au1Cells5 vpos_inherit (1)
            au1Cells5 vneg_inherit (1)
            au1Cells5 vsub_inherit (1)
            au1Cells5 nmos5lgi (1)
            amsSheets title_eda (1)
            basic opin (1)
            basic ipin (1)
          amsSheets title_eda (1)
          basic opin (1)
          basic ipin (6)
          au1IP_sbu au1_Sw2_a (27)
            au1Comp nmoslgi_a (1)
            au1Comp pmoslg_a (1)
            amsSheets title_eda (1)
            basic iopin (2)
            basic ipin (4)
            au1Cells5 vsub_inherit (1)
        au1Comp cgppl_lg_a (2)
        au1Cells5 INVX1H (4)
          au1Cells5 pmos5lg (1)
          au1Cells5 vpos_inherit (1)
          au1Cells5 vneg_inherit (1)
          au1Cells5 vsub_inherit (1)
          au1Cells5 nmos5lgi (1)
          amsSheets title_eda (1)
          basic opin (1)
          basic ipin (1)
        1724 OtaPmFold1 (2)
          au1Comp pmoslg_a (1)
          au1Comp nmoslgi_a (1)
          1724 OtaCorePse1_a (1)
            au1Comp pmoslg_a (17)
            au1Comp nmoslgi_a (18)
            amsSheets Bsize_mlib (1)
            basic ipin (7)
            basic opin (2)
            au1Cells5 vsub_inherit (1)
          1724 DffPrPm2_a (1)
            au1Comp pmoslg_a (2)
            amsSheets Asize_mlib_ah (1)
            basic ipin (4)
            basic iopin (3)
            au1Cells5 vsub_inherit (1)
          basic iopin (1)
          basic opin (1)
          basic ipin (7)
          amsSheets Asize_mlib_h (1)
          au1Cells5 vsub_inherit (1)
        basic noConn (3)
        basic iopin (6)
        basic ipin (8)
        au1Cells5 vsub_inherit (1)
      au1Comp rgp_a (2)
      au1IP_sbu au1_ImrrLcl1_b (1)
        au1Comp pmoslg_a (10)
        au1Comp nmoslgi_a (5)
        basic iopin (6)
        amsSheets Asize_mlib_h (1)
        basic ipin (4)
        au1Cells5 vsub_inherit (1)
      1724 FE_cmfbPsrc3 (1)
        au1Comp vdc_short_a (1)
        au1Comp pmoslg_a (7)
        au1Comp nmoslgi_a (2)
        amsSheets Asize_mlib_h (1)
        basic ipin (10)
        au1Cells5 vsub_inherit (1)
      au1IP_sbu au1_ImrrLcl4_a (1)
        au1Comp pmoslg_a (15)
        au1Comp nmoslgi_a (5)
        basic iopin (10)
        amsSheets Asize_mlib_h (1)
        basic ipin (4)
        au1Cells5 vsub_inherit (1)
    basic iopin (11)
    amsSheets Title_mlib (1)
    1724 BACK_END (1)
      basic ipin (20)
      au1Cells5 OR3X2H (2)
        au1Cells5 vsub_inherit (1)
        au1Cells5 vpos_inherit (1)
        au1Cells5 vneg_inherit (1)
        au1Cells5 nmos5lgi (4)
        au1Cells5 pmos5lg (4)
        amsSheets title_eda (1)
        basic opin (1)
        basic ipin (3)
      1724 BE_STAGE1 (1)
        1724 BE_stage1_preamp (1)
          basic noConn (1)
          au1Comp npnlg_a (2)
          au1Comp rgp_a (3)
          basic ipin (8)
          basic iopin (1)
          basic opin (1)
          au1Comp pmoslg_a (2)
          au1Comp nmoslgi_a (1)
          au1IP_sbu au1_Amux2x1_a (2)
            au1Cells5 vsub_inherit (1)
            basic iopin (1)
            amsSheets title_eda (1)
            basic ipin (5)
            au1Cells5 INVX1H (1)
              au1Cells5 pmos5lg (1)
              au1Cells5 vpos_inherit (1)
              au1Cells5 vneg_inherit (1)
              au1Cells5 vsub_inherit (1)
              au1Cells5 nmos5lgi (1)
              amsSheets title_eda (1)
              basic opin (1)
              basic ipin (1)
            au1IP_sbu au1_Sw1_a (2)
              au1Comp nmoslgi_a (1)
              au1Comp pmoslg_a (1)
              amsSheets title_eda (1)
              basic iopin (1)
              basic ipin (5)
              au1Cells5 vsub_inherit (1)
          1724 BE_stage1_ampcore (1)
            au1Comp rgp_a (2)
            au1Comp pmoslg_a (31)
            au1Comp nmoslgi_a (29)
            au1Cells5 INVX1H (1)
              au1Cells5 pmos5lg (1)
              au1Cells5 vpos_inherit (1)
              au1Cells5 vneg_inherit (1)
              au1Cells5 vsub_inherit (1)
              au1Cells5 nmos5lgi (1)
              amsSheets title_eda (1)
              basic opin (1)
              basic ipin (1)
            basic iopin (10)
            amsSheets title_eda (1)
            basic opin (3)
            basic ipin (8)
            au1Comp cgppl_lg_a (1)
        au1IP_sbu au1_Sw2_a (6)
          au1Comp nmoslgi_a (1)
          au1Comp pmoslg_a (1)
          amsSheets title_eda (1)
          basic iopin (2)
          basic ipin (4)
          au1Cells5 vsub_inherit (1)
        basic noConn (2)
        au1IP_sbu au1_decoder2X4_a (1)
          au1Cells5 NOR2X1H (4)
            au1Cells5 pmos5lg (2)
            au1Cells5 vpos_inherit (1)
            au1Cells5 vneg_inherit (1)
            au1Cells5 vsub_inherit (1)
            au1Cells5 nmos5lgi (2)
            amsSheets title_eda (1)
            basic opin (1)
            basic ipin (2)
          basic ipin (3)
          basic opin (2)
          au1Cells5 vsub_inherit (1)
          au1Cells5 INVX1H (2)
            au1Cells5 pmos5lg (1)
            au1Cells5 vpos_inherit (1)
            au1Cells5 vneg_inherit (1)
            au1Cells5 vsub_inherit (1)
            au1Cells5 nmos5lgi (1)
            amsSheets title_eda (1)
            basic opin (1)
            basic ipin (1)
        basic ipin (9)
        au1Comp rppgp_a (1)
        au1Cells5 vsub_inherit (1)
        au1Comp vdc_short_a (1)
        au1Comp cgppl_lg_a (1)
        au1Comp rgp_a (10)
        basic opin (1)
        au1Cells5 OR2X2H (1)
          au1Cells5 vsub_inherit (1)
          au1Cells5 vpos_inherit (1)
          au1Cells5 vneg_inherit (1)
          au1Cells5 nmos5lgi (3)
          au1Cells5 pmos5lg (3)
          amsSheets title_eda (1)
          basic opin (1)
          basic ipin (2)
        au1Cells5 INVX2H (1)
          au1Cells5 vsub_inherit (1)
          au1Cells5 vpos_inherit (1)
          au1Cells5 vneg_inherit (1)
          au1Cells5 nmos5lgi (1)
          au1Cells5 pmos5lg (1)
          amsSheets title_eda (1)
          basic opin (1)
          basic ipin (1)
        au1Cells5 AND2X2H (1)
          au1Cells5 vsub_inherit (1)
          au1Cells5 vpos_inherit (1)
          au1Cells5 vneg_inherit (1)
          au1Cells5 nmos5lgi (3)
          au1Cells5 pmos5lg (3)
          amsSheets title_eda (1)
          basic opin (1)
          basic ipin (2)
      basic iopin (2)
      au1Comp mconn_a (3)
      basic opin (4)
      1724 ESD_FILT (1)
        1724 ESD_filt_primary (1)
          1724 ESD_zdd11 (1)
            basic iopin (5)
            au1Comp rgp3t_a (2)
            au1Comp dzlppwipwr_a (2)
            au1Comp npnpwr_a (2)
          basic noConn (4)
          basic iopin (2)
          basic ipin (1)
          au1Comp esd_zd10_a (1)
            au1Comp rgp3t_a (2)
            au1Comp npnpwr_a (2)
            au1Comp dzlppwipwr_a (1)
            basic iopin (5)
        basic ipin (7)
        basic opin (2)
        au1Comp rppgp_a (1)
        au1Comp rgp_a (1)
        au1Comp dzpppl_a (1)
        au1Cells5 vsub_inherit (1)
        au1Comp mconn_a (2)
        1724 au1_SwDecup1_a (1)
          au1Comp nmoslgi_a (3)
          au1Comp pmoslg_a (2)
          amsSheets title_eda (1)
          basic iopin (1)
          basic ipin (5)
          au1Cells5 vsub_inherit (1)
        au1Cells5 INVX1H (1)
          au1Cells5 pmos5lg (1)
          au1Cells5 vpos_inherit (1)
          au1Cells5 vneg_inherit (1)
          au1Cells5 vsub_inherit (1)
          au1Cells5 nmos5lgi (1)
          amsSheets title_eda (1)
          basic opin (1)
          basic ipin (1)
        au1Cells5 AND2X2H (1)
          au1Cells5 vsub_inherit (1)
          au1Cells5 vpos_inherit (1)
          au1Cells5 vneg_inherit (1)
          au1Cells5 nmos5lgi (3)
          au1Cells5 pmos5lg (3)
          amsSheets title_eda (1)
          basic opin (1)
          basic ipin (2)
      basic noConn (1)
      1724 BE_STAGE2 (1)
        au1Comp rgp_a (6)
        analogLib gnd (2)
        au1Comp dzpppl_a (2)
        au1Comp vdc_short_a (2)
        basic ipin (11)
        basic opin (1)
        au1Cells5 vsub_inherit (1)
        au1Comp cgppl_lg_a (1)
        1724 BE_stage2_amp (1)
          au1Comp nmoslgi_a (3)
          au1Comp pmoslg_a (5)
          basic iopin (1)
          au1IP_sbu au1_Amux2x1_a (4)
            au1Cells5 vsub_inherit (1)
            basic iopin (1)
            amsSheets title_eda (1)
            basic ipin (5)
            au1Cells5 INVX1H (1)
              au1Cells5 pmos5lg (1)
              au1Cells5 vpos_inherit (1)
              au1Cells5 vneg_inherit (1)
              au1Cells5 vsub_inherit (1)
              au1Cells5 nmos5lgi (1)
              amsSheets title_eda (1)
              basic opin (1)
              basic ipin (1)
            au1IP_sbu au1_Sw1_a (2)
              au1Comp nmoslgi_a (1)
              au1Comp pmoslg_a (1)
              amsSheets title_eda (1)
              basic iopin (1)
              basic ipin (5)
              au1Cells5 vsub_inherit (1)
          au1Comp rgp_a (3)
          au1Comp npnlg_a (2)
          basic ipin (11)
          basic opin (1)
          1724 BE_stage2_ampcore (1)
            au1Comp rgp_a (2)
            au1Comp pmoslg_a (31)
            au1Comp nmoslgi_a (33)
            au1Cells5 INVX1H (1)
              au1Cells5 pmos5lg (1)
              au1Cells5 vpos_inherit (1)
              au1Cells5 vneg_inherit (1)
              au1Cells5 vsub_inherit (1)
              au1Cells5 nmos5lgi (1)
              amsSheets title_eda (1)
              basic opin (1)
              basic ipin (1)
            au1Cells5 INVX2H (1)
              au1Cells5 vsub_inherit (1)
              au1Cells5 vpos_inherit (1)
              au1Cells5 vneg_inherit (1)
              au1Cells5 nmos5lgi (1)
              au1Cells5 pmos5lg (1)
              amsSheets title_eda (1)
              basic opin (1)
              basic ipin (1)
            basic iopin (10)
            amsSheets title_eda (1)
            basic opin (3)
            basic ipin (9)
            au1Comp cgppl_lg_a (1)
          au1Cells5 AND2X2H (1)
            au1Cells5 vsub_inherit (1)
            au1Cells5 vpos_inherit (1)
            au1Cells5 vneg_inherit (1)
            au1Cells5 nmos5lgi (3)
            au1Cells5 pmos5lg (3)
            amsSheets title_eda (1)
            basic opin (1)
            basic ipin (2)
          au1Cells5 INVX2H (2)
            au1Cells5 vsub_inherit (1)
            au1Cells5 vpos_inherit (1)
            au1Cells5 vneg_inherit (1)
            au1Cells5 nmos5lgi (1)
            au1Cells5 pmos5lg (1)
            amsSheets title_eda (1)
            basic opin (1)
            basic ipin (1)
          au1Cells5 OR2X2H (2)
            au1Cells5 vsub_inherit (1)
            au1Cells5 vpos_inherit (1)
            au1Cells5 vneg_inherit (1)
            au1Cells5 nmos5lgi (3)
            au1Cells5 pmos5lg (3)
            amsSheets title_eda (1)
            basic opin (1)
            basic ipin (2)
          basic noConn (1)
          au1Cells5 vsub_inherit (1)
          au1Cells5 NAND2X1H (1)
            au1Cells5 pmos5lg (2)
            au1Cells5 vpos_inherit (1)
            au1Cells5 vneg_inherit (1)
            au1Cells5 vsub_inherit (1)
            au1Cells5 nmos5lgi (2)
            amsSheets title_eda (1)
            basic opin (1)
            basic ipin (2)
          1724 SC_PROTECT (1)
            au1Comp pmoslg_a (5)
            au1Comp nmoslgi_a (5)
            au1Comp npnlg_a (2)
            au1Comp rgp_a (4)
            basic ipin (6)
            au1Cells45 INVX2 (1)
              au1Cells45 nmoslgi (1)
              au1Cells45 pmoslg (1)
              basic opin (1)
              basic ipin (1)
              amsSheets title_eda (1)
              au1Cells45 vneg_inherit (1)
              au1Cells45 vpos_inherit (1)
            au1Comp cgppl_lg_a (1)
            au1Comp vdc_short_a (2)
            au1Comp rms_a (1)
        amsSheets title_eda (1)
        au1Comp rppgp_a (3)
      1724 QVO_TRIM_INV (1)
        1724 QVO_ImrrLcl1 (1)
          au1Comp pad_eng_a (2)
          au1Comp pmoslg_a (7)
          au1Comp nmoslgi_a (5)
          basic iopin (3)
          amsSheets Asize_mlib_h (1)
          basic ipin (5)
        au1Comp rgp_a (3)
        au1Comp pad_eng_a (10)
        1724 QVO_bufs (1)
          au1Comp rgp_a (21)
          au1Comp pad_eng_a (1)
          au1Comp pmoslg_a (10)
          au1Comp nmoslgi_a (6)
          1724 QVO_Ota_LvlShft (1)
            au1Comp pnplg_a (4)
            au1IP_sbu au1_Amux2x1_a (2)
              au1Cells5 vsub_inherit (1)
              basic iopin (1)
              amsSheets title_eda (1)
              basic ipin (5)
              au1Cells5 INVX1H (1)
                au1Cells5 pmos5lg (1)
                au1Cells5 vpos_inherit (1)
                au1Cells5 vneg_inherit (1)
                au1Cells5 vsub_inherit (1)
                au1Cells5 nmos5lgi (1)
                amsSheets title_eda (1)
                basic opin (1)
                basic ipin (1)
              au1IP_sbu au1_Sw1_a (2)
                au1Comp nmoslgi_a (1)
                au1Comp pmoslg_a (1)
                amsSheets title_eda (1)
                basic iopin (1)
                basic ipin (5)
                au1Cells5 vsub_inherit (1)
            amsSheets Asize_mlib_h (1)
            basic iopin (1)
            basic opin (1)
            basic ipin (10)
            1724 QVO_OtaCorePse1_b (1)
              au1Comp vdc_short_a (1)
              au1Comp pad_eng_a (4)
              au1Comp pmoslg_a (17)
              au1Comp nmoslgi_a (18)
              amsSheets Bsize_mlib (1)
              basic ipin (8)
              basic opin (2)
          au1IP_sbu au1_Sw2_a (4)
            au1Comp nmoslgi_a (1)
            au1Comp pmoslg_a (1)
            amsSheets title_eda (1)
            basic iopin (2)
            basic ipin (4)
            au1Cells5 vsub_inherit (1)
          basic noConn (2)
          au1Cells5 INVX1H (3)
            au1Cells5 pmos5lg (1)
            au1Cells5 vpos_inherit (1)
            au1Cells5 vneg_inherit (1)
            au1Cells5 vsub_inherit (1)
            au1Cells5 nmos5lgi (1)
            amsSheets title_eda (1)
            basic opin (1)
            basic ipin (1)
          basic opin (2)
          au1Comp cgppl_lg_a (2)
          basic ipin (9)
          1724 QVO_Ota (1)
            au1Comp pnplg_a (2)
            amsSheets Asize_mlib_h (1)
            basic iopin (1)
            basic opin (1)
            basic ipin (7)
            1724 QVO_OtaCorePse1_b (1)
              au1Comp vdc_short_a (1)
              au1Comp pad_eng_a (4)
              au1Comp pmoslg_a (17)
              au1Comp nmoslgi_a (18)
              amsSheets Bsize_mlib (1)
              basic ipin (8)
              basic opin (2)
        au1IP_sbu au1_DacR2r9b1_b (1)
          au1Cells5 vsub_inherit (1)
          au1Comp rgp_a (30)
          amsSheets title_eda (1)
          basic opin (1)
          basic ipin (5)
          au1Cells5 INVX1H (2)
            au1Cells5 pmos5lg (1)
            au1Cells5 vpos_inherit (1)
            au1Cells5 vneg_inherit (1)
            au1Cells5 vsub_inherit (1)
            au1Cells5 nmos5lgi (1)
            amsSheets title_eda (1)
            basic opin (1)
            basic ipin (1)
          au1IP_sbu au1_Sw2_a (27)
            au1Comp nmoslgi_a (1)
            au1Comp pmoslg_a (1)
            amsSheets title_eda (1)
            basic iopin (2)
            basic ipin (4)
            au1Cells5 vsub_inherit (1)
        1724 QVO_buf_ref (1)
          au1Comp rgp_a (29)
          basic opin (2)
          basic ipin (5)
          au1Cells5 AND2X2H (1)
            au1Cells5 vsub_inherit (1)
            au1Cells5 vpos_inherit (1)
            au1Cells5 vneg_inherit (1)
            au1Cells5 nmos5lgi (3)
            au1Cells5 pmos5lg (3)
            amsSheets title_eda (1)
            basic opin (1)
            basic ipin (2)
          au1IP_sbu au1_Amux2x1_a (6)
            au1Cells5 vsub_inherit (1)
            basic iopin (1)
            amsSheets title_eda (1)
            basic ipin (5)
            au1Cells5 INVX1H (1)
              au1Cells5 pmos5lg (1)
              au1Cells5 vpos_inherit (1)
              au1Cells5 vneg_inherit (1)
              au1Cells5 vsub_inherit (1)
              au1Cells5 nmos5lgi (1)
              amsSheets title_eda (1)
              basic opin (1)
              basic ipin (1)
            au1IP_sbu au1_Sw1_a (2)
              au1Comp nmoslgi_a (1)
              au1Comp pmoslg_a (1)
              amsSheets title_eda (1)
              basic iopin (1)
              basic ipin (5)
              au1Cells5 vsub_inherit (1)
        1724 QVO_dac_buf (1)
          au1Comp vdc_short_a (1)
          au1Comp rgp_a (5)
          au1Comp pad_eng_a (2)
          au1Comp pmoslg_a (7)
          au1Comp nmoslgi_a (5)
          basic noConn (1)
          au1Cells5 INVX1H (1)
            au1Cells5 pmos5lg (1)
            au1Cells5 vpos_inherit (1)
            au1Cells5 vneg_inherit (1)
            au1Cells5 vsub_inherit (1)
            au1Cells5 nmos5lgi (1)
            amsSheets title_eda (1)
            basic opin (1)
            basic ipin (1)
          au1Comp cgppl_lg_a (1)
          basic ipin (7)
          basic opin (1)
          1724 QVO_Ota_LvlShft (1)
            au1Comp pnplg_a (4)
            au1IP_sbu au1_Amux2x1_a (2)
              au1Cells5 vsub_inherit (1)
              basic iopin (1)
              amsSheets title_eda (1)
              basic ipin (5)
              au1Cells5 INVX1H (1)
                au1Cells5 pmos5lg (1)
                au1Cells5 vpos_inherit (1)
                au1Cells5 vneg_inherit (1)
                au1Cells5 vsub_inherit (1)
                au1Cells5 nmos5lgi (1)
                amsSheets title_eda (1)
                basic opin (1)
                basic ipin (1)
              au1IP_sbu au1_Sw1_a (2)
                au1Comp nmoslgi_a (1)
                au1Comp pmoslg_a (1)
                amsSheets title_eda (1)
                basic iopin (1)
                basic ipin (5)
                au1Cells5 vsub_inherit (1)
            amsSheets Asize_mlib_h (1)
            basic iopin (1)
            basic opin (1)
            basic ipin (10)
            1724 QVO_OtaCorePse1_b (1)
              au1Comp vdc_short_a (1)
              au1Comp pad_eng_a (4)
              au1Comp pmoslg_a (17)
              au1Comp nmoslgi_a (18)
              amsSheets Bsize_mlib (1)
              basic ipin (8)
              basic opin (2)
        au1Comp rppgp_a (1)
        au1Cells5 INVX1H (7)
          au1Cells5 pmos5lg (1)
          au1Cells5 vpos_inherit (1)
          au1Cells5 vneg_inherit (1)
          au1Cells5 vsub_inherit (1)
          au1Cells5 nmos5lgi (1)
          amsSheets title_eda (1)
          basic opin (1)
          basic ipin (1)
        amsSheets title_eda (1)
        basic iopin (1)
        au1Comp cgppl_lg_a (8)
        basic opin (1)
        basic ipin (9)
      au1IP_sbu au1_ImrrLcl1_b (1)
        au1Comp pmoslg_a (10)
        au1Comp nmoslgi_a (5)
        basic iopin (6)
        amsSheets Asize_mlib_h (1)
        basic ipin (4)
        au1Cells5 vsub_inherit (1)
      au1Cells5 vsub_inherit (1)
      au1Comp nmoslmv_a (1)
  basic noConn (25)
  au1IP_sbu au1_HP_QUAD60_EPI_DB8E_4MS (2)
    basic iopin (4)
    basic ipin (2)
    au1IP hall_60_qm_4MS_a (1)
      basic iopin (5)
      amsSheets title_eda (1)
      basic ipin (1)
      au1IP hall_60_sm_a (4)
        au1Comp rep_a (4)
        basic ipin (1)
        amsSheets title_eda (1)
        basic iopin (5)
  basic iopin (8)
  1724 CONTROL_SYSTEM (1)
    1724_DIG dig_top_1724 (1)
    amsSheets title_eda (1)
    basic opin (24)
    basic ipin (19)
    au1Cells5 vsub_inherit (1)
    basic noConn (3)
    1724 DIG_LDO (1)
      au1Comp vdc_short_a (2)
      au1Comp rppgp_a (3)
      au1Comp rgp_a (8)
      au1Comp pmoslg_a (11)
      au1Comp nmoslgi_a (9)
      basic noConn (1)
      US_8ths Bsize (1)
      basic opin (1)
      basic ipin (6)
      au1Comp cgppl_lg_a (3)
      au1IP_sbu au1_OtaCorePse1_b (1)
        au1Comp pmoslg_a (17)
        au1Comp nmoslgi_a (18)
        amsSheets Bsize_mlib (1)
        basic ipin (6)
        basic opin (2)
        au1Cells5 vsub_inherit (1)
    1724 DIG_SCAN (1)
      au1Cells45 DFFRX2 (2)
        au1Cells45 nmoslgi (16)
        au1Cells45 pmoslg (16)
        au1Cells45 vneg_inherit (1)
        au1Cells45 vpos_inherit (1)
        amsSheets title_eda (1)
        basic ipin (3)
        basic opin (2)
      au1Cells45 TIEHI (2)
        au1Cells45 nmoslgi (1)
        au1Cells45 pmoslg (1)
        basic opin (1)
        amsSheets title_eda (1)
        au1Cells45 vpos_inherit (1)
        au1Cells45 vneg_inherit (1)
      au1Cells45 AND2X2 (2)
        au1Cells45 nmoslgi (3)
        au1Cells45 pmoslg (3)
        basic ipin (2)
        basic opin (1)
        amsSheets title_eda (1)
        au1Cells45 vpos_inherit (1)
        au1Cells45 vneg_inherit (1)
      basic ipin (6)
      basic opin (3)
    au1Cells45 TIELO (1)
      au1Cells45 nmoslgi (1)
      au1Cells45 pmoslg (1)
      basic opin (1)
      amsSheets title_eda (1)
      au1Cells45 vpos_inherit (1)
      au1Cells45 vneg_inherit (1)
    1724 LVL_SHIFT (1)
      basic ipin (29)
      basic opin (26)
      au1IP_sbu au1_LevShiftL2H_a (24)
        au1Comp pmoslg_a (5)
        au1Comp nmoslgi_a (5)
        amsSheets title_eda (1)
        basic opin (2)
        basic ipin (4)
        au1Cells5 vsub_inherit (1)
      au1Cells5 vsub_inherit (1)
      1724 LVL_shift_L2H_small (1)
        au1Comp rgp_a (1)
        au1Comp nmoslgi_a (2)
        basic ipin (3)
        basic opin (1)
        au1Cells5 vsub_inherit (1)
        au1Comp pmoslg_a (1)
      au1IP_sbu au1_LevShiftH2L_a (4)
        au1Comp pmoslg_a (5)
        au1Comp nmoslgi_a (5)
        amsSheets title_eda (1)
        basic opin (2)
        basic ipin (4)
        au1Cells5 vsub_inherit (1)
    1724 ADC_DUAL_SLOPE (1)
      au1Comp rgp_a (3)
      au1Comp rppgp_a (3)
      au1Comp pmoslg_a (1)
      au1Comp nmoslgi_a (2)
      au1IP_sbu au1_ImrrLcl3_a (1)
        au1Comp pmoslg_a (6)
        au1Comp nmoslgi_a (5)
        basic opin (2)
        basic iopin (2)
        amsSheets Asize_mlib_h (1)
        basic ipin (4)
        au1Cells5 vsub_inherit (1)
      1724 ADC_comp (1)
        1724 ADC_OtaCorePse1_c (1)
          au1Comp pad_eng_a (4)
          au1Comp pmoslg_a (17)
          au1Comp nmoslgi_a (18)
          basic opin (2)
          basic ipin (7)
          amsSheets Bsize_mlib (1)
        au1Comp pmoslg_a (4)
        amsSheets Asize_mlib_h (1)
        basic iopin (1)
        basic opin (1)
        basic ipin (7)
      au1IP_sbu au1_Amux2x1_a (1)
        au1Cells5 vsub_inherit (1)
        basic iopin (1)
        amsSheets title_eda (1)
        basic ipin (5)
        au1Cells5 INVX1H (1)
          au1Cells5 pmos5lg (1)
          au1Cells5 vpos_inherit (1)
          au1Cells5 vneg_inherit (1)
          au1Cells5 vsub_inherit (1)
          au1Cells5 nmos5lgi (1)
          amsSheets title_eda (1)
          basic opin (1)
          basic ipin (1)
        au1IP_sbu au1_Sw1_a (2)
          au1Comp nmoslgi_a (1)
          au1Comp pmoslg_a (1)
          amsSheets title_eda (1)
          basic iopin (1)
          basic ipin (5)
          au1Cells5 vsub_inherit (1)
      basic noConn (2)
      amsSheets Asize_mlib_h (1)
      1724 ADC_OtaNm2stg2_b (1)
        au1Comp pad_eng_a (3)
        au1Comp pmoslg_a (5)
        au1Comp nmoslgi_a (11)
        basic opin (1)
        basic ipin (8)
        amsSheets Asize_mlib_h (1)
      au1Cells5 INVX1H (4)
        au1Cells5 pmos5lg (1)
        au1Cells5 vpos_inherit (1)
        au1Cells5 vneg_inherit (1)
        au1Cells5 vsub_inherit (1)
        au1Cells5 nmos5lgi (1)
        amsSheets title_eda (1)
        basic opin (1)
        basic ipin (1)
      au1Comp cgppl_lg_a (5)
      basic opin (1)
      basic ipin (9)
    1724 DIG_pad_mux (1)
      amsSheets title_eda (1)
      1724 DIG_pad_switch (2)
        basic opin (2)
        basic ipin (2)
        au1Cells5 AND2X2H (2)
          au1Cells5 vsub_inherit (1)
          au1Cells5 vpos_inherit (1)
          au1Cells5 vneg_inherit (1)
          au1Cells5 nmos5lgi (3)
          au1Cells5 pmos5lg (3)
          amsSheets title_eda (1)
          basic opin (1)
          basic ipin (2)
        au1Cells5 INVX2H (1)
          au1Cells5 vsub_inherit (1)
          au1Cells5 vpos_inherit (1)
          au1Cells5 vneg_inherit (1)
          au1Cells5 nmos5lgi (1)
          au1Cells5 pmos5lg (1)
          amsSheets title_eda (1)
          basic opin (1)
          basic ipin (1)
        au1Cells5 vsub_inherit (1)
        au1Cells5 vneg_inherit (1)
        au1Cells5 vpos_inherit (1)
      au1Cells5 vsub_inherit (1)
      au1Cells5 vpos_inherit (1)
      basic ipin (5)
      au1Cells5 vneg_inherit (1)
      basic opin (5)
      au1Cells5 AND2X2H (2)
        au1Cells5 vsub_inherit (1)
        au1Cells5 vpos_inherit (1)
        au1Cells5 vneg_inherit (1)
        au1Cells5 nmos5lgi (3)
        au1Cells5 pmos5lg (3)
        amsSheets title_eda (1)
        basic opin (1)
        basic ipin (2)
      basic iopin (1)
      au1Comp mconn_a (1)
      au1Cells5 INVX1H (1)
        au1Cells5 pmos5lg (1)
        au1Cells5 vpos_inherit (1)
        au1Cells5 vneg_inherit (1)
        au1Cells5 vsub_inherit (1)
        au1Cells5 nmos5lgi (1)
        amsSheets title_eda (1)
        basic opin (1)
        basic ipin (1)
    au1Comp mconn_a (9)
    1724 DIG_MANCH_DECODE (1)
      au1Comp rgp_a (8)
      au1Comp pad_eng_a (7)
      au1Comp pmoslg_a (1)
      au1Comp nmoslgi_a (2)
      au1Comp dzpppl_a (1)
      au1Cells5 INVX1H (1)
        au1Cells5 pmos5lg (1)
        au1Cells5 vpos_inherit (1)
        au1Cells5 vneg_inherit (1)
        au1Cells5 vsub_inherit (1)
        au1Cells5 nmos5lgi (1)
        amsSheets title_eda (1)
        basic opin (1)
        basic ipin (1)
      au1IP_sbu au1_CompN1_a (1)
        au1Comp pmoslg_a (8)
        au1Comp nmoslgi_a (11)
        au1Comp dzapt_a (2)
        amsSheets title_eda (1)
        basic ipin (6)
        basic opin (2)
        au1Cells5 vsub_inherit (1)
      au1Cells5 INVX2H (1)
        au1Cells5 vsub_inherit (1)
        au1Cells5 vpos_inherit (1)
        au1Cells5 vneg_inherit (1)
        au1Cells5 nmos5lgi (1)
        au1Cells5 pmos5lg (1)
        amsSheets title_eda (1)
        basic opin (1)
        basic ipin (1)
      amsSheets title_eda (1)
      au1Cells5 INVX4H (1)
        au1Cells5 vsub_inherit (1)
        au1Cells5 vpos_inherit (1)
        au1Cells5 vneg_inherit (1)
        au1Cells5 nmos5lgi (1)
        au1Cells5 pmos5lg (1)
        amsSheets title_eda (1)
        basic opin (1)
        basic ipin (1)
      au1IP_sbu au1_LevShiftH2L_a (1)
        au1Comp pmoslg_a (5)
        au1Comp nmoslgi_a (5)
        amsSheets title_eda (1)
        basic opin (2)
        basic ipin (4)
        au1Cells5 vsub_inherit (1)
      basic opin (1)
      basic noConn (3)
      basic ipin (7)
      au1IP_sbu au1_LevShiftL2H_a (1)
        au1Comp pmoslg_a (5)
        au1Comp nmoslgi_a (5)
        amsSheets title_eda (1)
        basic opin (2)
        basic ipin (4)
        au1Cells5 vsub_inherit (1)
    au1Cells45 TIEHI (1)
      au1Cells45 nmoslgi (1)
      au1Cells45 pmoslg (1)
      basic opin (1)
      amsSheets title_eda (1)
      au1Cells45 vpos_inherit (1)
      au1Cells45 vneg_inherit (1)
    au1IP EEPROM_EXT_4MX_a (1)
      basic ipin (7)
      au1Cells45 OR2X2 (1)
        au1Cells45 nmoslgi (3)
        au1Cells45 pmoslg (3)
        basic opin (1)
        basic ipin (2)
        amsSheets title_eda (1)
        au1Cells45 vpos_inherit (1)
        au1Cells45 vneg_inherit (1)
      basic opin (4)
      au1IP au1_cp_vdivider_a (1)
        au1Cells5 vsub_inherit (1)
        au1Comp mconn_a (1)
        au1Comp cgplppwi_a (1)
        au1Cells45 NAND2X1 (2)
          au1Cells45 vneg_inherit (1)
          au1Cells45 nmoslgi (2)
          au1Cells45 pmoslg (2)
          au1Cells45 vpos_inherit (1)
          basic ipin (2)
          basic opin (1)
          amsSheets title_eda (1)
        basic noConn (1)
        au1IP au1_cp_hyst_inv_a (1)
          au1Comp nmoslgi_a (4)
          au1Comp pmoslg_a (4)
          basic opin (1)
          basic ipin (3)
          au1Cells5 vsub_inherit (1)
        au1Comp vdc_short_a (4)
        au1Cells45 NOR2X1 (3)
          au1Cells45 nmoslgi (2)
          au1Cells45 pmoslg (2)
          basic opin (1)
          basic ipin (2)
          amsSheets title_eda (1)
          au1Cells45 vpos_inherit (1)
          au1Cells45 vneg_inherit (1)
        au1Cells45 SRLATSDX1 (1)
          au1Cells45 nmoslgi (7)
          au1Cells45 pmoslg (7)
          basic opin (2)
          basic ipin (2)
          amsSheets title_eda (1)
          au1Cells45 vpos_inherit (1)
          au1Cells45 vneg_inherit (1)
        au1Comp pad_eng_a (9)
        au1Comp pmoslg_a (3)
        au1Comp nmoslgi_a (4)
        au1Cells45 INVX1 (5)
          au1Cells45 nmoslgi (1)
          au1Cells45 pmoslg (1)
          basic ipin (1)
          basic opin (1)
          au1Cells45 vpos_inherit (1)
          au1Cells45 vneg_inherit (1)
          amsSheets title_eda (1)
        US_8ths Csize (1)
        basic ipin (5)
        au1Comp cgppl_lg_a (3)
        au1Comp rgp_a (13)
        basic opin (5)
        basic iopin (1)
        au1Cells45 AND2X2 (1)
          au1Cells45 nmoslgi (3)
          au1Cells45 pmoslg (3)
          basic ipin (2)
          basic opin (1)
          amsSheets title_eda (1)
          au1Cells45 vpos_inherit (1)
          au1Cells45 vneg_inherit (1)
        au1IP au1_cp_compHystN1_a (2)
          au1Comp nmoslgi_a (13)
          au1Comp pmoslg_a (12)
          amsSheets title_eda (1)
          basic ipin (6)
          basic opin (2)
          au1Cells5 vsub_inherit (1)
      au1Cells5 vsub_inherit (1)
      au1IP au1_cp_ext_bidir_hv_switch_a (1)
        au1Comp nmoslmv_a (1)
        au1Comp rgp_a (3)
        au1Comp pad_eng_a (1)
        au1Comp pmoslmv_a (2)
        basic iopin (2)
        basic ipin (2)
        US_8ths Asize (1)
        au1Cells45 vsub_inherit (1)
      au1Comp pad_eng_a (2)
  au1Comp vdc_short_a (33)
  1724 1724_IO_RING (1)
    basic ipin (1)
    au1Comp rgp_a (3)
    au1Comp padL_b (4)
    au1Comp mconn_a (13)
    1724 ESD_6V (2)
      basic noConn (2)
      amsSheets title_eda (1)
      basic iopin (3)
      1724 ESD_zrd6 (1)
        au1Comp dzpppl_a (1)
        au1Comp rgp3t_a (2)
        au1Comp npnpwr_a (2)
        basic iopin (5)
        au1Comp rppgp3t_a (1)
    amsSheets title_eda (1)
    basic iopin (21)
    au1Comp pad_b (4)
    au1Comp cgppl_lg_a (4)
    au1Cells5 BUFX8H (1)
      au1Cells5 vsub_inherit (1)
      au1Cells5 vpos_inherit (1)
      au1Cells5 vneg_inherit (1)
      au1Cells5 nmos5lgi (2)
      au1Cells5 pmos5lg (2)
      amsSheets title_eda (1)
      basic opin (1)
      basic ipin (1)
  au1IP_sbu au1_Amux16x1_a (1)
    basic noConn (1)
    basic opin (2)
    au1Cells5 vsub_inherit (1)
    au1Cells5 INVX2H (2)
      au1Cells5 vsub_inherit (1)
      au1Cells5 vpos_inherit (1)
      au1Cells5 vneg_inherit (1)
      au1Cells5 nmos5lgi (1)
      au1Cells5 pmos5lg (1)
      amsSheets title_eda (1)
      basic opin (1)
      basic ipin (1)
    amsSheets title_eda (1)
    basic ipin (18)
    au1IP_sbu au1_Amux8x1_a (2)
      au1Cells5 vsub_inherit (1)
      amsSheets title_eda (1)
      basic ipin (4)
      basic opin (1)
      au1IP_sbu au1_Sw1_a (1)
        au1Comp nmoslgi_a (1)
        au1Comp pmoslg_a (1)
        amsSheets title_eda (1)
        basic iopin (1)
        basic ipin (5)
        au1Cells5 vsub_inherit (1)
      au1IP_sbu au1_decoder3X8_a (1)
        au1Cells5 vsub_inherit (1)
        au1Cells5 NOR3X1H (8)
          au1Cells5 vsub_inherit (1)
          au1Cells5 vpos_inherit (1)
          au1Cells5 vneg_inherit (1)
          au1Cells5 nmos5lgi (3)
          au1Cells5 pmos5lg (3)
          amsSheets title_eda (1)
          basic opin (1)
          basic ipin (3)
        US_8ths Asize (1)
        basic opin (2)
        basic ipin (3)
        au1Cells5 INVX1H (2)
          au1Cells5 pmos5lg (1)
          au1Cells5 vpos_inherit (1)
          au1Cells5 vneg_inherit (1)
          au1Cells5 vsub_inherit (1)
          au1Cells5 nmos5lgi (1)
          amsSheets title_eda (1)
          basic opin (1)
          basic ipin (1)
    au1Cells5 OR3X2H (1)
      au1Cells5 vsub_inherit (1)
      au1Cells5 vpos_inherit (1)
      au1Cells5 vneg_inherit (1)
      au1Cells5 nmos5lgi (4)
      au1Cells5 pmos5lg (4)
      amsSheets title_eda (1)
      basic opin (1)
      basic ipin (3)
    au1Cells5 OR2X2H (1)
      au1Cells5 vsub_inherit (1)
      au1Cells5 vpos_inherit (1)
      au1Cells5 vneg_inherit (1)
      au1Cells5 nmos5lgi (3)
      au1Cells5 pmos5lg (3)
      amsSheets title_eda (1)
      basic opin (1)
      basic ipin (2)
    au1Comp nmoslgi_a (2)
    au1IP_sbu au1_Sw2_a (2)
      au1Comp nmoslgi_a (1)
      au1Comp pmoslg_a (1)
      amsSheets title_eda (1)
      basic iopin (2)
      basic ipin (4)
      au1Cells5 vsub_inherit (1)
    au1Cells5 AND2X2H (1)
      au1Cells5 vsub_inherit (1)
      au1Cells5 vpos_inherit (1)
      au1Cells5 vneg_inherit (1)
      au1Cells5 nmos5lgi (3)
      au1Cells5 pmos5lg (3)
      amsSheets title_eda (1)
      basic opin (1)
      basic ipin (2)
  1724 SPARES (1)
    au1Comp pmoslg_a (1)
    au1Comp nmoslgi_a (1)
    basic noConn (5)
    amsSheets title_eda (1)
    au1Cells5 NOR2X1H (1)
      au1Cells5 pmos5lg (2)
      au1Cells5 vpos_inherit (1)
      au1Cells5 vneg_inherit (1)
      au1Cells5 vsub_inherit (1)
      au1Cells5 nmos5lgi (2)
      amsSheets title_eda (1)
      basic opin (1)
      basic ipin (2)
    au1Cells5 INVX1H (1)
      au1Cells5 pmos5lg (1)
      au1Cells5 vpos_inherit (1)
      au1Cells5 vneg_inherit (1)
      au1Cells5 vsub_inherit (1)
      au1Cells5 nmos5lgi (1)
      amsSheets title_eda (1)
      basic opin (1)
      basic ipin (1)
    au1Cells5 DFFRX2H (1)
      au1Cells5 vsub_inherit (1)
      au1Cells5 vpos_inherit (1)
      au1Cells5 vneg_inherit (1)
      au1Cells5 nmos5lgi (16)
      au1Cells5 pmos5lg (16)
      amsSheets title_eda (1)
      basic opin (2)
      basic ipin (3)
    basic ipin (3)
    au1Cells5 NAND2X1H (1)
      au1Cells5 pmos5lg (2)
      au1Cells5 vpos_inherit (1)
      au1Cells5 vneg_inherit (1)
      au1Cells5 vsub_inherit (1)
      au1Cells5 nmos5lgi (2)
      amsSheets title_eda (1)
      basic opin (1)
      basic ipin (2)
==================================================
